[nenrikido.neocities.org/index.html]
[backblue.gif]
[fade.gif]
[index.html]
[nenrikido.neocities.org/index.xml]
[nenrikido.neocities.org/css/main.min.e82017acf1d47837e34aeae7160cbd8cee87ccf07777ebc9e2e85745f526f166.css]
[cdnjs.cloudflare.com/ajax/libs/font-awesome/6.4.2/css/all.min.css]
[cloud.umami.is/script.js]
[nenrikido.neocities.org/about/index.html]
[nenrikido.neocities.org/gallery/index.html]
[nenrikido.neocities.org/commissions/index.html]
[nenrikido.neocities.org/code/index.html]
[nenrikido.neocities.org/blog/index.html]
[nenrikido.neocities.org/links/index.html]
[nenrikido.neocities.org/microblog/index.html]
[nenrikido.neocities.org/library/index.html]
[nenrikido.neocities.org/images/pixels/strovi_pixel.gif]
[nenrikido.neocities.org/nexus/index.html]
[nenrikido.neocities.org/blog/post/journalring/index.html]
[nenrikido.neocities.org/webrings/journalring/index.html]
[nenrikido.neocities.org/about/styleguide/index.html]
[nenrikido.neocities.org/code/preview/rainbow/index.html]
[nenrikido.neocities.org/sitemap/index.html]
[nenrikido.neocities.org/nexus/cole/index.html]
[nenrikido.neocities.org/blog/post/homarr/index.html]
[nenrikido.neocities.org/images/pixels/Madotsuki_Chair_Spin.gif]
[nenrikido.neocities.org/blog/post/deploy-site/index.html]
[nenrikido.neocities.org/images/pixels/new.gif]
[nenrikido.neocities.org/js/microblog_recent.js]
[nenrikido.neocities.org/js/audioPlayer.js]
[nenrikido.neocities.org/images/icons/ke.jpg]
[nenrikido.neocities.org/js/clock.js]
[nenrikido.neocities.org/js/start.js]
[nenrikido.neocities.org/js/theme.js]
[code.jquery.com/jquery-3.6.4.min.js]
[cdn.jsdelivr.net/npm/muuri@0.9.5/dist/muuri.min.js]
[nenrikido.neocities.org/js/muuri-init.js]
[cdn.jsdelivr.net/npm/@twemoji/api@latest/dist/twemoji.min.js]
[nenrikido.neocities.org/js/lightbox.js]
[nenrikido.neocities.org/js/yt_lite.js]
[unpkg.com/lunr@2.3.9/lunr.js]
[nenrikido.neocities.org/index.html]
[nenrikido.neocities.org/images/icons/pink-favicon.svg]
[nenrikido.neocities.org/js/search.js]
[nenrikido.neocities.org/fonts/FranxurterTotallyFat.ttf]
[nenrikido.neocities.org/fonts/NationalPark-Medium.otf]
[nenrikido.neocities.org/fonts/NationalPark-Bold.otf]
[nenrikido.neocities.org/fonts/distro.heavy.ttf]
[nenrikido.neocities.org/fonts/NunitoRegular.ttf]
[nenrikido.neocities.org/fonts/CLAYO.ttf]
[nenrikido.neocities.org/fonts/CLAYO-Italic.ttf]
[nenrikido.neocities.org/fonts/CLAYO-Semibold.ttf]
[nenrikido.neocities.org/fonts/Kirom.ttf]
[nenrikido.neocities.org/fonts/PixelGamer-Regular.otf]
[nenrikido.neocities.org/fonts/Tickerbit-regular.otf]
[nenrikido.neocities.org/fonts/Delius-Regular.ttf]
[nenrikido.neocities.org/fonts/Relmond.woff]
[nenrikido.neocities.org/images/icons/nav/pink/home.png]
[nenrikido.neocities.org/images/icons/nav/pink/about.png]
[nenrikido.neocities.org/images/icons/nav/pink/gallery.png]
[nenrikido.neocities.org/images/icons/nav/pink/commissions.png]
[nenrikido.neocities.org/images/icons/nav/pink/code.png]
[nenrikido.neocities.org/images/icons/nav/pink/blog.png]
[nenrikido.neocities.org/images/icons/nav/pink/links.png]
[nenrikido.neocities.org/images/icons/nav/pink/microblog.png]
[nenrikido.neocities.org/images/icons/nav/pink/library.png]
[nenrikido.neocities.org/images/icons/nav/pink/nexus.png]
[nenrikido.neocities.org/images/icons/nav/blue/home.png]
[nenrikido.neocities.org/images/icons/nav/blue/about.png]
[nenrikido.neocities.org/images/icons/nav/blue/gallery.png]
[nenrikido.neocities.org/images/icons/nav/blue/commissions.png]
[nenrikido.neocities.org/images/icons/nav/blue/code.png]
[nenrikido.neocities.org/images/icons/nav/blue/blog.png]
[nenrikido.neocities.org/images/icons/nav/blue/links.png]
[nenrikido.neocities.org/images/icons/nav/blue/microblog.png]
[nenrikido.neocities.org/images/icons/nav/blue/library.png]
[nenrikido.neocities.org/images/icons/nav/blue/nexus.png]
[nenrikido.neocities.org/images/icons/nav/yellow/home.png]
[nenrikido.neocities.org/images/icons/nav/yellow/about.png]
[nenrikido.neocities.org/images/icons/nav/yellow/gallery.png]
[nenrikido.neocities.org/images/icons/nav/yellow/commissions.png]
[nenrikido.neocities.org/images/icons/nav/yellow/code.png]
[nenrikido.neocities.org/images/icons/nav/yellow/blog.png]
[nenrikido.neocities.org/images/icons/nav/yellow/links.png]
[nenrikido.neocities.org/images/icons/nav/yellow/microblog.png]
[nenrikido.neocities.org/images/icons/nav/yellow/library.png]
[nenrikido.neocities.org/images/icons/nav/yellow/nexus.png]
[nenrikido.neocities.org/images/icons/nav/black/home.png]
[nenrikido.neocities.org/images/icons/nav/black/about.png]
[nenrikido.neocities.org/images/icons/nav/black/gallery.png]
[nenrikido.neocities.org/images/icons/nav/black/commissions.png]
[nenrikido.neocities.org/images/icons/nav/black/code.png]
[nenrikido.neocities.org/images/icons/nav/black/blog.png]
[nenrikido.neocities.org/images/icons/nav/black/links.png]
[nenrikido.neocities.org/images/icons/nav/black/microblog.png]
[nenrikido.neocities.org/images/icons/nav/black/library.png]
[nenrikido.neocities.org/images/icons/nav/black/nexus.png]
[nenrikido.neocities.org/images/icons/nav/green/home.png]
[nenrikido.neocities.org/images/icons/nav/green/about.png]
[nenrikido.neocities.org/images/icons/nav/green/gallery.png]
[nenrikido.neocities.org/images/icons/nav/green/commissions.png]
[nenrikido.neocities.org/images/icons/nav/green/code.png]
[nenrikido.neocities.org/images/icons/nav/green/blog.png]
[nenrikido.neocities.org/images/icons/nav/green/links.png]
[nenrikido.neocities.org/images/icons/nav/green/microblog.png]
[nenrikido.neocities.org/images/icons/nav/green/library.png]
[nenrikido.neocities.org/images/icons/nav/green/nexus.png]
[i.ibb.co/j3jcJKv/yt.png]
[nenrikido.neocities.org/css/main.min.e82017acf1d47837e34aeae7160cbd8cee87ccf07777ebc9e2e85745f526f166.css]
[cdnjs.cloudflare.com/ajax/libs/font-awesome/6.4.2/css/all.min.css]
[nenrikido.neocities.org/about/index.xml]
[nenrikido.neocities.org/images/pixels/music.gif]
[nenrikido.neocities.org/images/pixels/13mo_mado.gif]
[web.archive.org/web/20090723082842im_/http_/fairykucha.homestead.com/files/neptune.gif]
[nenrikido.neocities.org/images/quizzes/conjurer.png]
[www.theotaku.com/guru_results/3913_Snow_Miku.jpg]
[www.theotaku.com/guru_results/3760_Dandere.jpg]
[www.theotaku.com/guru_results/3617_Schezo.jpg]
[www.theotaku.com/guru_results/393_Zakuro.jpg]
[www.theotaku.com/guru_results/3096_Homura_Akemi.jpg]
[web.archive.org/web/20030530042004im_/http_/home.vicnet.net.au/_kyb/rb/indigo.gif]
[web.archive.org/web/20020222233027im_/http_/img.livejournal.com/userinfo.gif]
[www.theotaku.com/guru_results/1078_Kagami.jpg]
[nenrikido.neocities.org/images/gaia/gaia.png]
[nenrikido.neocities.org/images/gaia/gaia_hu395cf8824af32adb5d3da70eb47aec31_1427169_0x420_resize_q75_h2_box_3.webp]
[nenrikido.neocities.org/images/gaia/gaia_1.jpg]
[nenrikido.neocities.org/images/gaia/gaia_1_hu11dc5ac5bf5d5b16babecf95ea1db2a7_376378_0x420_resize_q75_h2_box.webp]
[nenrikido.neocities.org/images/gaia/gaia_3.png]
[nenrikido.neocities.org/images/gaia/gaia_3_hub2dc897cccbcb2531666093e71cafd0e_2082332_0x420_resize_q75_h2_box_3.webp]
[nenrikido.neocities.org/images/gaia/gaia_2.jpg]
[nenrikido.neocities.org/images/gaia/gaia_2_hu146d4643c678cf66de92495a21246022_432221_0x420_resize_q75_h2_box.webp]
[nenrikido.neocities.org/images/gaia/gaia_4.jpg]
[nenrikido.neocities.org/images/gaia/gaia_4_huebc1bf827ee608abd66fadca5f66cdd8_669607_0x420_resize_q75_h2_box.webp]
[nenrikido.neocities.org/images/gaia/gaia_5.jpg]
[nenrikido.neocities.org/images/gaia/gaia_5_hud30935a64d2e6e2af2331e93f7803591_383495_0x420_resize_q75_h2_box.webp]
[nenrikido.neocities.org/images/gaia/gaia_11.jpg]
[nenrikido.neocities.org/images/gaia/gaia_11_huf9163e8006d7d2ada2b02aba5f560aed_495890_0x420_resize_q75_h2_box.webp]
[nenrikido.neocities.org/images/gaia/gaia_6.jpg]
[nenrikido.neocities.org/images/gaia/gaia_6_hue6f9781e1d752c88ab70ef7b5b50dcf9_319010_0x420_resize_q75_h2_box.webp]
[nenrikido.neocities.org/images/gaia/gaia_9.jpg]
[nenrikido.neocities.org/images/gaia/gaia_9_hu58b6b67aacbcfdb82311da451346aae4_565403_0x420_resize_q75_h2_box.webp]
[nenrikido.neocities.org/images/gaia/gaia_10.jpg]
[nenrikido.neocities.org/images/gaia/gaia_10_hu1a85c2eec3e983b4f99a215ac32ece17_399052_0x420_resize_q75_h2_box.webp]
[nenrikido.neocities.org/images/gaia/gaia_7.jpg]
[nenrikido.neocities.org/images/gaia/gaia_7_hub50804a3922fec8a50b351afdd33c6c1_360982_0x420_resize_q75_h2_box.webp]
[nenrikido.neocities.org/images/gaia/gaia_8.jpg]
[nenrikido.neocities.org/images/gaia/gaia_8_hu235c1f141cb52f0212a75b264c621b1f_399705_0x420_resize_q75_h2_box.webp]
[nenrikido.neocities.org/about/index.html]
[nenrikido.neocities.org/images/gallery/chibi.png]
[nenrikido.neocities.org/images/gallery/chibi_hu701e811728f028183894fdff5e17ffb9_175037_0x420_resize_q75_h2_box_3.webp]
[nenrikido.neocities.org/images/gallery/ys_1.png]
[nenrikido.neocities.org/images/gallery/ys_1_hud4de1427aaba4311c86c3096d7b63679_883049_0x420_resize_q75_h2_box_3.webp]
[nenrikido.neocities.org/images/gallery/ys_2.png]
[nenrikido.neocities.org/images/gallery/ys_2_hud7c94bba41fe5e7bba539be86c99b75f_473606_0x420_resize_q75_h2_box_3.webp]
[nenrikido.neocities.org/images/gallery/mooyu.png]
[nenrikido.neocities.org/images/gallery/mooyu_huf675ea827f9aee8556507b16e2c8c861_1331669_0x420_resize_q75_h2_box_3.webp]
[nenrikido.neocities.org/images/gallery/earrings...png]
[nenrikido.neocities.org/images/gallery/earrings.._hu4089189745eafcbe5429f7a4ce93f318_548529_0x420_resize_q75_h2_box_3.webp]
[nenrikido.neocities.org/images/gallery/oomf...png]
[nenrikido.neocities.org/images/gallery/oomf.._hu3f651b9427e0da0e39441fba2e06d58e_435486_0x420_resize_q75_h2_box_3.webp]
[nenrikido.neocities.org/images/gallery/mado.png]
[nenrikido.neocities.org/images/gallery/mado_hu60d1b783d1b64427e1324609a15afacb_557639_0x420_resize_q75_h2_box_3.webp]
[nenrikido.neocities.org/images/gallery/clouds.png]
[nenrikido.neocities.org/images/gallery/clouds_hu60ae01ebb1f8f18a7ab50f2ad49aed39_465979_0x420_resize_q75_h2_box_3.webp]
[nenrikido.neocities.org/images/gallery/fish.jpg]
[nenrikido.neocities.org/images/gallery/fish_huc915d68469055cd037b06a6ce33b206f_651997_0x420_resize_q75_h2_box.webp]
[nenrikido.neocities.org/images/gallery/spp.png]
[nenrikido.neocities.org/images/gallery/spp_hu874f663992841526ea73d8c84d53e306_691939_0x420_resize_q75_h2_box_3.webp]
[nenrikido.neocities.org/images/gallery/emulator.png]
[nenrikido.neocities.org/images/gallery/emulator_hu541af349cc80d24547f98a4ba21d6892_861513_0x420_resize_q75_h2_box_3.webp]
[nenrikido.neocities.org/images/gallery/trust.jpg]
[nenrikido.neocities.org/images/gallery/trust_hu5363393ff03659c7944343733de4643d_513266_0x420_resize_q75_h2_box.webp]
[nenrikido.neocities.org/images/gallery/ys_3.png]
[nenrikido.neocities.org/images/gallery/ys_3_hu8f251e610da29b9e4f595e1ddfb1f250_375664_0x420_resize_q75_h2_box_3.webp]
[nenrikido.neocities.org/images/gallery/suiryu.png]
[nenrikido.neocities.org/images/gallery/suiryu_hu6344e35090599baa92dd5398329deee1_579347_0x420_resize_q75_h2_box_3.webp]
[nenrikido.neocities.org/images/gallery/han.png]
[nenrikido.neocities.org/images/gallery/han_hu1e04698b17752c0ca5fe2294dd8f1176_89892_0x420_resize_q75_h2_box_3.webp]
[nenrikido.neocities.org/images/gallery/tatsu.png]
[nenrikido.neocities.org/images/gallery/tatsu_hu06da020de2582fbf35491777ca24e168_698923_0x420_resize_q75_h2_box_3.webp]
[nenrikido.neocities.org/images/gallery/gaia.jpg]
[nenrikido.neocities.org/images/gallery/gaia_hu34b46395484d073de49edc10479e0f81_260452_0x420_resize_q75_h2_box.webp]
[nenrikido.neocities.org/images/gallery/heart.png]
[nenrikido.neocities.org/images/gallery/heart_hu40cd0c4241fc6c4203cd909040169186_361839_0x420_resize_q75_h2_box_3.webp]
[nenrikido.neocities.org/images/gallery/seattle.jpg]
[nenrikido.neocities.org/images/gallery/seattle_hu979bcbd3533993df2abe00e3d55022de_638936_0x420_resize_q75_h2_box.webp]
[nenrikido.neocities.org/images/gallery/hasumi.png]
[nenrikido.neocities.org/images/gallery/hasumi_hu8b216f155555a7e520254f65b4000f14_625906_0x420_resize_q75_h2_box_3.webp]
[nenrikido.neocities.org/images/gallery/woo.png]
[nenrikido.neocities.org/images/gallery/woo_hu31c5cd74b91cabbb1a0200b048b2ba5f_701931_0x420_resize_q75_h2_box_3.webp]
[nenrikido.neocities.org/images/gallery/genos.png]
[nenrikido.neocities.org/images/gallery/genos_hu76e8ecbfe1a02cda6cf78b81fd0dfa01_1092515_0x420_resize_q75_h2_box_3.webp]
[nenrikido.neocities.org/images/gallery/garou.png]
[nenrikido.neocities.org/images/gallery/garou_hu2092d67e719f9a8a991b5900d5cec913_868704_0x420_resize_q75_h2_box_3.webp]
[nenrikido.neocities.org/images/gallery/melon.png]
[nenrikido.neocities.org/images/gallery/melon_hu1b0411c2745dd40ae8c516ed04f657df_416797_0x420_resize_q75_h2_box_3.webp]
[nenrikido.neocities.org/images/gallery/keq.png]
[nenrikido.neocities.org/images/gallery/keq_huf44e68c088d4b80afd39738a8a43a393_1060865_0x420_resize_q75_h2_box_3.webp]
[nenrikido.neocities.org/images/gallery/prayer.png]
[nenrikido.neocities.org/images/gallery/prayer_hucfe70b499da3f5608fee5131a817c9fd_3471475_0x420_resize_q75_h2_box_3.webp]
[nenrikido.neocities.org/images/gallery/epa_mask.png]
[nenrikido.neocities.org/images/gallery/epa_mask_hud9bad4665c5321f404b750fa883aa5c5_281539_0x420_resize_q75_h2_box_3.webp]
[nenrikido.neocities.org/images/gallery/epa_mask_4.png]
[nenrikido.neocities.org/images/gallery/epa_mask_4_hu7a5f31e24a28d4509386030e1bcadb1b_1038597_0x420_resize_q75_h2_box_3.webp]
[nenrikido.neocities.org/images/gallery/epa_mask_1.png]
[nenrikido.neocities.org/images/gallery/epa_mask_1_hu8f7fc9ef7b26ad3438a7b6f3c0d6d816_715074_0x420_resize_q75_h2_box_3.webp]
[nenrikido.neocities.org/images/gallery/epa_mask_2.png]
[nenrikido.neocities.org/images/gallery/epa_mask_2_hu55ed71dd4a32a9e66b3bb3aaf276e445_879206_0x420_resize_q75_h2_box_3.webp]
[nenrikido.neocities.org/images/gallery/garou_akira.png]
[nenrikido.neocities.org/images/gallery/garou_akira_hu6aed2b5421ba8a3bf75ba45a112c0b78_518376_0x420_resize_q75_h2_box_3.webp]
[nenrikido.neocities.org/images/gallery/vases.png]
[nenrikido.neocities.org/images/gallery/vases_hu7c601f45f870baa67f43d5037dacb8fb_520260_0x420_resize_q75_h2_box_3.webp]
[nenrikido.neocities.org/images/gallery/sheep.jpg]
[nenrikido.neocities.org/images/gallery/sheep_huaf000c5867eb93f77b0dbbdea5a1f810_260881_0x420_resize_q75_h2_box.webp]
[nenrikido.neocities.org/images/gallery/garou comic.png]
[nenrikido.neocities.org/images/gallery/garou comic_hubaf4190fd3b81e58330d3007a017fb65_1638033_0x420_resize_q75_h2_box_3.webp]
[nenrikido.neocities.org/images/gallery/tats.png]
[nenrikido.neocities.org/images/gallery/tats_hue7c6030e2125d6172af3e11be114d648_517357_0x420_resize_q75_h2_box_3.webp]
[nenrikido.neocities.org/images/gallery/tats2.png]
[nenrikido.neocities.org/images/gallery/tats2_hu238f7a014c725591b5f8da415cee4242_533829_0x420_resize_q75_h2_box_3.webp]
[nenrikido.neocities.org/images/gallery/kusama.jpg]
[nenrikido.neocities.org/images/gallery/kusama_hud6cab577e91f08f29e9313a5a7ab0f6c_453049_0x420_resize_q75_h2_box.webp]
[nenrikido.neocities.org/images/gallery/fubukos2.png]
[nenrikido.neocities.org/images/gallery/fubukos2_hu06c385416605884927100140591ed085_825885_0x420_resize_q75_h2_box_3.webp]
[nenrikido.neocities.org/images/gallery/garou_otome.jpg]
[nenrikido.neocities.org/images/gallery/garou_otome_hu4552450bef7d1017ef5280122e32a07e_283176_0x420_resize_q75_h2_box.webp]
[nenrikido.neocities.org/images/gallery/storm.jpg]
[nenrikido.neocities.org/images/gallery/storm_hu23b7f11359adcc78f5331fea3657231f_116233_0x420_resize_q75_h2_box.webp]
[nenrikido.neocities.org/images/gallery/neos.jpg]
[nenrikido.neocities.org/images/gallery/neos_hu2de78fa8cd8a8522a38db077aaca0201_325686_0x420_resize_q75_h2_box.webp]
[nenrikido.neocities.org/gallery/index.html]
[nenrikido.neocities.org/commissions/index.html]
[nenrikido.neocities.org/code/index.xml]
[nenrikido.neocities.org/images/code/rb-1.gif]
[nenrikido.neocities.org/images/code/rb-1_hu1f891f1df5a5c3b1009f908747e8e1bf_6035749_0x420_resize_box_1.gif]
[nenrikido.neocities.org/images/code/rb-2.png]
[nenrikido.neocities.org/images/code/rb-2_hua6dbe4a9ce0e486f18616ea707d34b1a_1219768_0x420_resize_q75_h2_box_3.webp]
[nenrikido.neocities.org/code/preview/rainbow2/index.html]
[gist.github.com/js044/cd47bf7889fbc42e02759832d243605b.js]
[nenrikido.neocities.org/images/code/rainbow.gif]
[nenrikido.neocities.org/images/code/rainbow_hu43ab3c0f7b39c848b8623ebe9ed8e7f7_2946103_0x420_resize_box_1.gif]
[nenrikido.neocities.org/images/code/ra-1.png]
[nenrikido.neocities.org/images/code/ra-1_hu7d17cf3914a05a7acd6086e3b9fa84d0_1627594_0x420_resize_q75_h2_box_3.webp]
[nenrikido.neocities.org/images/code/ra-2.png]
[nenrikido.neocities.org/images/code/ra-2_hu7ff060fdb23f6d35e51c7e934e005967_316236_0x420_resize_q75_h2_box_3.webp]
[nenrikido.neocities.org/images/code/ra-3.png]
[nenrikido.neocities.org/images/code/ra-3_hua028d6dd9bb4e32121c4cb6682ebd256_89227_0x420_resize_q75_h2_box_3.webp]
[gist.github.com/js044/213429dbb42e8c852d6747c24c6097ac.js]
[nenrikido.neocities.org/images/code/sakura.gif]
[nenrikido.neocities.org/images/code/sakura_hu14b2343bcf4fd778c2465869a5430e65_3013479_0x420_resize_box_1.gif]
[nenrikido.neocities.org/images/code/sa-1.png]
[nenrikido.neocities.org/images/code/sa-1_hue7e6965ec92c7c5cfa8eb951f55feada_733917_0x420_resize_q75_h2_box_3.webp]
[nenrikido.neocities.org/images/code/sa-2.png]
[nenrikido.neocities.org/images/code/sa-2_hu55dc116d50c3600fcab308cd701aa7b1_596960_0x420_resize_q75_h2_box_3.webp]
[nenrikido.neocities.org/images/code/sa-3.png]
[nenrikido.neocities.org/images/code/sa-3_hu8910e3e717efc6086f35ef7f199f9412_566674_0x420_resize_q75_h2_box_3.webp]
[gist.github.com/js044/7b74c883a7fc091f1eb68614b6ea6e28.js]
[nenrikido.neocities.org/code/preview/sakura/index.html]
[nenrikido.neocities.org/images/code/su-1.png]
[nenrikido.neocities.org/images/code/su-1_hub0235e47492da3647e06d3a17f9b755d_750610_0x420_resize_q75_h2_box_3.webp]
[nenrikido.neocities.org/images/code/su-2.png]
[nenrikido.neocities.org/images/code/su-2_hufa3c180d90391a28cb34153810635462_254538_0x420_resize_q75_h2_box_3.webp]
[nenrikido.neocities.org/images/code/su-3.jpg]
[nenrikido.neocities.org/images/code/su-3_hu0ef0376e30cc7b0a91032fa8c72cdfe9_368367_0x420_resize_q75_h2_box.webp]
[nenrikido.neocities.org/images/code/su-4.png]
[nenrikido.neocities.org/images/code/su-4_hu9bcb595ce350b1c697c8ca405035dbb8_605771_0x420_resize_q75_h2_box_3.webp]
[nenrikido.neocities.org/code/preview/sunflower/index.html]
[gist.github.com/js044/e726caf2f2adc9374b14716e34527f37.js]
[nenrikido.neocities.org/images/code/preload.gif]
[nenrikido.neocities.org/images/code/preload_hu7573bf17b252c7d6850e57237b72aadb_396574_0x420_resize_box_1.gif]
[gist.github.com/js044/a7c2e7c6ae4bd015366bf7a06e33ae23.js]
[nenrikido.neocities.org/blog/post/making-a-preloader/index.html]
[nenrikido.neocities.org/images/code/tt-1.jpg]
[nenrikido.neocities.org/images/code/tt-1_hu854bdf19b4ce90b98aef791122af3e11_235258_0x420_resize_q75_h2_box.webp]
[nenrikido.neocities.org/images/code/tt-2.jpg]
[nenrikido.neocities.org/images/code/tt-2_hu5a3b62345c096726c405d491bdb95d67_156323_0x420_resize_q75_h2_box.webp]
[gist.github.com/js044/1e97e4460014faddb27b71923f1e4f58.js]
[nenrikido.neocities.org/code/preview/toothache/index.html]
[nenrikido.neocities.org/images/code/pt-1.jpg]
[nenrikido.neocities.org/images/code/pt-1_hu4ae34acfb3d04073670e17b0bf655afe_140077_0x420_resize_q75_h2_box.webp]
[nenrikido.neocities.org/images/code/pt-2.jpg]
[nenrikido.neocities.org/images/code/pt-2_hu2518b3e2d13666a94b4fab4e04d1b3a7_180586_0x420_resize_q75_h2_box.webp]
[nenrikido.neocities.org/code/index.html]
[gist.github.com/js044/86994585030ab5dc76297c2bdb2286e4.js]
[nenrikido.neocities.org/code/preview/pudding/index.html]
[nenrikido.neocities.org/blog/index.xml]
[nenrikido.neocities.org/images/blog/012025/homarr_hu26d3ad550a7076d6f8fe1279b7ce49e1_1039253_300x0_resize_box_3.png]
[nenrikido.neocities.org/images/blog/011324/journalring_hu629ad5c2ccc8af768e16d480c7543115_3460737_300x0_resize_box_1.gif]
[nenrikido.neocities.org/images/blog/121023/search_hu37b04140b99d3757284f977bf76bd572_24898_300x0_resize_box_3.png]
[nenrikido.neocities.org/images/blog/070223/firefox_hu22838bd7e6336de6e49a83e27010602f_14040299_300x0_resize_box_1.gif]
[nenrikido.neocities.org/blog/post/mega-site-update/index.html]
[nenrikido.neocities.org/images/blog/061723/sandwich_hu92d03227b38275cb4729933a516722a2_90223_300x0_resize_q75_box.jpg]
[nenrikido.neocities.org/blog/post/firefox-tutourial/index.html]
[nenrikido.neocities.org/images/blog/052823/start_hu49d78b778480f9cec7e744d887097ac9_897990_300x0_resize_box_1.gif]
[nenrikido.neocities.org/blog/post/yard-sale/index.html]
[nenrikido.neocities.org/images/blog/preload_hu7573bf17b252c7d6850e57237b72aadb_396574_300x0_resize_box_1.gif]
[nenrikido.neocities.org/blog/post/bye-bye-bootstrap/index.html]
[nenrikido.neocities.org/blog/post/neocities-reflection/index.html]
[nenrikido.neocities.org/images/blog/dragndrop_hu35f61ae4eb064fcc162614d39bd913ec_639803_300x0_resize_box_1.gif]
[nenrikido.neocities.org/blog/index.html]
[nenrikido.neocities.org/blog/post/site-updates-3/index.html]
[nenrikido.neocities.org/blog/post/site-updates-2/index.html]
[nenrikido.neocities.org/blog/post/site-overhaul/index.html]
[nenrikido.neocities.org/blog/post/web-components/index.html]
[mal.ophanimkei.com/onionring-variables.js]
[mal.ophanimkei.com/onionring-widget.js]
[nuthead.neocities.org/ring/ring.js]
[neossg.neocities.org/onionring-variables.js]
[neossg.neocities.org/onionring-widget.js]
[xandra.cc/safonts/webring.js]
[cdn.jsdelivr.net/gh/js044/nenrikido@main/static/js/misc/journalring.js]
[neocreatives.neocities.org/onionring-variables.js]
[neocreatives.neocities.org/onionring-widget.js]
[angeleyesprings.neocities.org/webring/onionring-variables.js]
[angeleyesprings.neocities.org/webring/onionring-widget2.js]
[nenrikido.neocities.org/images/buttons/bssm.gif]
[nenrikido.neocities.org/images/buttons/ua5.png]
[nenrikido.neocities.org/images/buttons/lain.jpg]
[nenrikido.neocities.org/images/buttons/deathnote.png]
[nenrikido.neocities.org/images/buttons/opm.gif]
[nenrikido.neocities.org/images/buttons/neopets.png]
[nenrikido.neocities.org/images/buttons/sea.png]
[nenrikido.neocities.org/images/buttons/pen.png]
[nenrikido.neocities.org/images/buttons/yumenikki.png]
[nenrikido.neocities.org/images/buttons/lazybgif.gif]
[nenrikido.neocities.org/images/buttons/whimsical.gif]
[nenrikido.neocities.org/images/buttons/leusyth.png]
[nenrikido.neocities.org/images/buttons/nonkiru.gif]
[nenrikido.neocities.org/images/buttons/arunyi.gif]
[nenrikido.neocities.org/images/buttons/cloverbell.gif]
[nenrikido.neocities.org/images/buttons/mn1ca.gif]
[nenrikido.neocities.org/images/buttons/Eggdev.gif]
[nenrikido.neocities.org/images/buttons/turd.png]
[nenrikido.neocities.org/images/buttons/zenmai.gif]
[nenrikido.neocities.org/images/buttons/kyu.gif]
[nenrikido.neocities.org/images/buttons/sunmiflowers.png]
[nenrikido.neocities.org/images/buttons/ita.gif]
[nenrikido.neocities.org/images/buttons/dokodemobutton3.gif]
[nenrikido.neocities.org/images/buttons/bearwinky.gif]
[nenrikido.neocities.org/images/buttons/LostLetters88x31.gif]
[nenrikido.neocities.org/images/buttons/zucchini.gif]
[nenrikido.neocities.org/images/buttons/hat.gif]
[nenrikido.neocities.org/images/buttons/angel99button2.gif]
[nenrikido.neocities.org/images/buttons/cinni-88x31-hamham.gif]
[nenrikido.neocities.org/images/buttons/osaka.gif]
[nenrikido.neocities.org/images/buttons/10kph-02.png]
[nenrikido.neocities.org/images/buttons/lovesick-button1.png]
[nenrikido.neocities.org/images/buttons/teddybearhalo.gif]
[nenrikido.neocities.org/images/buttons/zanarkland.gif]
[nenrikido.neocities.org/images/buttons/krowena.png]
[nenrikido.neocities.org/images/buttons/mizuki.gif]
[nenrikido.neocities.org/images/buttons/hillhouse-banner-2.gif]
[nenrikido.neocities.org/images/buttons/sugarblush_button.png]
[nenrikido.neocities.org/images/buttons/neoratz.gif]
[nenrikido.neocities.org/images/buttons/gd.gif]
[nenrikido.neocities.org/images/buttons/soulbyte.png]
[nenrikido.neocities.org/images/buttons/snifflebear.png]
[nenrikido.neocities.org/images/buttons/ip.gif]
[nenrikido.neocities.org/images/buttons/tigercarnival1.png]
[nenrikido.neocities.org/images/buttons/kie.gif]
[nenrikido.neocities.org/images/buttons/allyrat.png]
[nenrikido.neocities.org/images/buttons/sugarvamp.png]
[nenrikido.neocities.org/images/buttons/nefbutton.gif]
[nenrikido.neocities.org/images/buttons/sanguineroyalbutton.gif]
[nenrikido.neocities.org/images/buttons/vivarism_02.png]
[nenrikido.neocities.org/images/buttons/sylum.gif]
[nenrikido.neocities.org/images/buttons/bikobatanari.png]
[nenrikido.neocities.org/images/buttons/nyaa.gif]
[nenrikido.neocities.org/images/buttons/vencake.png]
[nenrikido.neocities.org/images/buttons/retasubutton.png]
[nenrikido.neocities.org/images/buttons/pom.gif]
[nenrikido.neocities.org/images/buttons/pastel.gif]
[nenrikido.neocities.org/images/buttons/sakana.png]
[nenrikido.neocities.org/images/buttons/claeiy.gif]
[nenrikido.neocities.org/images/buttons/fuchi.jpg]
[nenrikido.neocities.org/images/buttons/coils.png]
[nenrikido.neocities.org/images/buttons/link_malta.gif]
[nenrikido.neocities.org/images/buttons/dimden.gif]
[nenrikido.neocities.org/images/buttons/lonelyjulybutton.gif]
[nenrikido.neocities.org/images/buttons/lunospace.gif]
[nenrikido.neocities.org/images/buttons/cpnk.gif]
[nenrikido.neocities.org/images/buttons/nostalgic.gif]
[nenrikido.neocities.org/images/buttons/doghouse1.gif]
[nenrikido.neocities.org/images/buttons/sadgrlonline.gif]
[nenrikido.neocities.org/images/buttons/omoulo.png]
[nenrikido.neocities.org/images/buttons/denpa.gif]
[nenrikido.neocities.org/images/buttons/nyanseong-wink.png]
[nenrikido.neocities.org/images/buttons/spiders.gif]
[nenrikido.neocities.org/images/buttons/starbage_button_3.gif]
[nenrikido.neocities.org/images/buttons/xn-neko-btn.gif]
[nenrikido.neocities.org/images/buttons/jeith.jpg]
[nenrikido.neocities.org/images/buttons/kakashi.gif]
[nenrikido.neocities.org/images/buttons/strovi.png]
[nenrikido.neocities.org/images/buttons/devils.gif]
[nenrikido.neocities.org/images/buttons/macchiato.png]
[nenrikido.neocities.org/images/buttons/ratpilled.gif]
[nenrikido.neocities.org/images/buttons/grossgirl94.gif]
[nenrikido.neocities.org/images/buttons/laika.jpg]
[nenrikido.neocities.org/images/buttons/doqmeat.png]
[nenrikido.neocities.org/images/buttons/22yk01.png]
[nenrikido.neocities.org/images/buttons/joebuck.gif]
[nenrikido.neocities.org/images/buttons/rgbteahouse.jpg]
[nenrikido.neocities.org/images/buttons/onio.gif]
[nenrikido.neocities.org/images/buttons/simone.gif]
[nenrikido.neocities.org/images/buttons/MELON-BADGE-2.gif]
[nenrikido.neocities.org/images/buttons/inkcapsbutton.gif]
[nenrikido.neocities.org/images/buttons/kiko-banner.gif]
[nenrikido.neocities.org/images/buttons/virtualdreamlandbutton.png]
[nenrikido.neocities.org/images/buttons/koinuko.gif]
[nenrikido.neocities.org/images/buttons/fizzsea8831.gif]
[nenrikido.neocities.org/images/buttons/eve.png]
[nenrikido.neocities.org/images/buttons/cabbagesorter.gif]
[nenrikido.neocities.org/images/buttons/surf.png]
[nenrikido.neocities.org/images/buttons/gothiclolita.png]
[nenrikido.neocities.org/images/buttons/bizarrebanner.png]
[nenrikido.neocities.org/images/buttons/arlita.gif]
[nenrikido.neocities.org/images/buttons/taro.gif]
[nenrikido.neocities.org/images/buttons/pazbutton2.gif]
[nenrikido.neocities.org/images/buttons/yokobanner.png]
[nenrikido.neocities.org/images/buttons/rosewhipbutton3.gif]
[nenrikido.neocities.org/images/buttons/jellyworld.gif]
[nenrikido.neocities.org/images/buttons/gifypet.gif]
[nenrikido.neocities.org/images/buttons/itzrex.gif]
[nenrikido.neocities.org/images/buttons/repth.png]
[nenrikido.neocities.org/images/buttons/ranfren.gif]
[nenrikido.neocities.org/images/buttons/affbanner-taffy.gif]
[nenrikido.neocities.org/images/buttons/nokocchi.gif]
[nenrikido.neocities.org/images/buttons/wiggle.gif]
[nenrikido.neocities.org/images/buttons/scarecrowkid.gif]
[nenrikido.neocities.org/images/buttons/museum.png]
[nenrikido.neocities.org/images/buttons/fwoofies.gif]
[nenrikido.neocities.org/images/buttons/middlepot.png]
[nenrikido.neocities.org/images/buttons/nenrikido_button.gif]
[dl.dropbox.com/s/265wg2om8bjr5g6/nenrikido_button.1a6.delayed]
[dl.dropboxusercontent.com/s/265wg2om8bjr5g6/nenrikido_button.gif_; filename_=UTF-8''nenrikido_button.gif]
[nenrikido.neocities.org/images/buttons/hugo-l.svg]
[nenrikido.neocities.org/images/buttons/muuri.svg]
[nenrikido.neocities.org/images/buttons/foollovers.gif]
[nenrikido.neocities.org/images/buttons/13mo.jpg]
[nenrikido.neocities.org/images/buttons/paul-j.png]
[nenrikido.neocities.org/images/buttons/freepik.jpg]
[nenrikido.neocities.org/images/buttons/win98.png]
[nenrikido.neocities.org/images/buttons/fontawesome.png]
[nenrikido.neocities.org/images/buttons/twe.png]
[nenrikido.neocities.org/images/buttons/fc2.png]
[nenrikido.neocities.org/images/buttons/cbox.png]
[nenrikido.neocities.org/images/buttons/code-boxx.png]
[nenrikido.neocities.org/links/index.html]
[nenrikido.neocities.org/images/microblog/space.gif]
[nenrikido.neocities.org/sass/microblog.min.897af63a7c6e68c8e8d1beda55a55f3581c73d11f8f1af2b57f343776959b480.css]
[nenrikido.neocities.org/js/microblog.js]
[nenrikido.neocities.org/microblog/index.html]
[nenrikido.neocities.org/library/index.html]
[cdn.jsdelivr.net/particles.js/2.0.0/particles.min.js]
[nenrikido.neocities.org/nexus/index.xml]
[nenrikido.neocities.org/images/nexus/cole/colecat.png]
[nenrikido.neocities.org/nexus/index.html]
[nenrikido.neocities.org/images/blog/011324/journalring.gif]
[nenrikido.neocities.org/images/blog/011324/journalring_hu629ad5c2ccc8af768e16d480c7543115_3460737_0x420_resize_box_1.gif]
[22ru.github.io/webring/hatring.js]
[gist.github.com/js044/893901d8a723bc43a938b7abd136ce9e.js]
[nenrikido.neocities.org/images/blog/011324/ls.png]
[nenrikido.neocities.org/images/blog/011324/ls_hu3a472033d981be1949bdadf9f2ac29ce_129050_0x420_resize_q75_h2_box_3.webp]
[nenrikido.neocities.org/images/blog/011324/home.png]
[nenrikido.neocities.org/images/blog/011324/home_hu9ea625bd85c5d9614ace352303a1b94c_1285875_0x420_resize_q75_h2_box_3.webp]
[nenrikido.neocities.org/blog/post/journalring/index.html]
[github.com/js044/nenrikido/blob/main/static/js/misc/journalring-display.html]
[nenrikido.neocities.org/images/icons/pencil.gif]
[cdnjs.cloudflare.com/ajax/libs/normalize/8.0.1/normalize.min.css]
[nenrikido.neocities.org/css/webrings/journalring.min.1cb651a37f8888bd764d8114c3e2d249dfc80276ac1d17ab07f67ce26aea7b40.css]
[nenrikido.neocities.org/images/webrings/journalring/J05.png]
[nenrikido.neocities.org/images/webrings/journalring/J06.png]
[nenrikido.neocities.org/images/webrings/journalring/J02.png]
[nenrikido.neocities.org/images/webrings/journalring/U04.png]
[nenrikido.neocities.org/images/webrings/journalring/T04.png]
[nenrikido.neocities.org/images/webrings/journalring/W05.png]
[nenrikido.neocities.org/images/webrings/journalring/icons/lavender-prev-arrow.png]
[nenrikido.neocities.org/images/webrings/journalring/icons/lavender-icon.png]
[nenrikido.neocities.org/images/webrings/journalring/icons/lavender-next-arrow.png]
[nenrikido.neocities.org/images/webrings/journalring/icons/green-prev-arrow.png]
[nenrikido.neocities.org/images/webrings/journalring/icons/green-icon.png]
[nenrikido.neocities.org/images/webrings/journalring/icons/green-next-arrow.png]
[nenrikido.neocities.org/images/webrings/journalring/icons/blue-prev-arrow.png]
[nenrikido.neocities.org/images/webrings/journalring/icons/blue-icon.png]
[nenrikido.neocities.org/images/webrings/journalring/icons/blue-next-arrow.png]
[nenrikido.neocities.org/images/webrings/journalring/icons/pink-prev-arrow.png]
[nenrikido.neocities.org/images/webrings/journalring/icons/pink-icon.png]
[nenrikido.neocities.org/images/webrings/journalring/icons/pink-next-arrow.png]
[nenrikido.neocities.org/images/webrings/journalring/U05.png]
[nenrikido.neocities.org/images/webrings/journalring/U06.png]
[nenrikido.neocities.org/images/webrings/journalring/A06.png]
[nenrikido.neocities.org/images/webrings/journalring/A05.png]
[nenrikido.neocities.org/js/misc/journalring.js]
[nenrikido.neocities.org/webrings/journalring/index.html]
[nenrikido.neocities.org/about/styleguide/index.html]
[nenrikido.neocities.org/js/misc/journalring-display.js]
[dl.dropbox.com/s/qklbio07u9m3aiw/rainbow.1deec75.delayed]
[dl.dropboxusercontent.com/s/qklbio07u9m3aiw/rainbow.png_; filename_=UTF-8''rainbowec75.png]
[dl.dropbox.com/s/j87r8p2iqerrl8y/rb.1e0ec75.delayed]
[dl.dropboxusercontent.com/s/j87r8p2iqerrl8y/rb.jpeg_; filename_=UTF-8''rbec75.jpeg]
[images.squarespace-cdn.com/content/v1/5b53b13285ede173115cb784/1623105145619-H2XVFVY8R1T9EPC1WADE/Rainbow+flag+courtesey+of+Baker+estate.jpg]
[dl.dropbox.com/s/5nkjlo83yf3lgpi/lesbianbadge.1e3ec75.delayed]
[dl.dropboxusercontent.com/s/5nkjlo83yf3lgpi/lesbianbadge.jpg_; filename_=UTF-8''lesbianbadgeec75.jpg]
[dl.dropbox.com/s/toxufxxsmazls83/pride2.1e5ec75.delayed]
[dl.dropboxusercontent.com/s/toxufxxsmazls83/pride2.gif_; filename_=UTF-8''pride2ec75.gif]
[nenrikido.neocities.org/code/preview/rainbow/index.html]
[nenrikido.neocities.org/sitemap/index.html]
[nenrikido.neocities.org/shrines.html]
[nenrikido.neocities.org/webrings/index.html]
[webneko.net/n20171213.js]
[nenrikido.neocities.org/images/nexus/cole/another_slauy.png]
[nenrikido.neocities.org/images/nexus/cole/thumbnails/another_slauy.png]
[nenrikido.neocities.org/images/nexus/cole/heros_journey.png]
[nenrikido.neocities.org/images/nexus/cole/thumbnails/heros_journey.png]
[nenrikido.neocities.org/images/nexus/cole/how_did_he.png]
[nenrikido.neocities.org/images/nexus/cole/thumbnails/how_did_he.png]
[nenrikido.neocities.org/images/nexus/cole/im_oin_drugs.png]
[nenrikido.neocities.org/images/nexus/cole/thumbnails/im_oin_drugs.png]
[nenrikido.neocities.org/images/nexus/cole/menbtal_problems.png]
[nenrikido.neocities.org/images/nexus/cole/thumbnails/menbtal_problems.png]
[nenrikido.neocities.org/images/nexus/cole/at_this_pont.png]
[nenrikido.neocities.org/images/nexus/cole/thumbnails/at_this_pont.png]
[nenrikido.neocities.org/images/nexus/cole/normalize_crunchy.jpg]
[nenrikido.neocities.org/images/nexus/cole/thumbnails/normalize_crunchy.jpg]
[nenrikido.neocities.org/images/nexus/cole/poison.png]
[nenrikido.neocities.org/images/nexus/cole/thumbnails/poison.png]
[nenrikido.neocities.org/images/nexus/cole/violence.jpg]
[nenrikido.neocities.org/images/nexus/cole/thumbnails/violence.jpg]
[nenrikido.neocities.org/images/nexus/cole/where_i_was_going_i_was.png]
[nenrikido.neocities.org/images/nexus/cole/thumbnails/where_i_was_going_i_was.png]
[nenrikido.neocities.org/images/nexus/cole/cole_meow_meow.png]
[nenrikido.neocities.org/images/nexus/cole/thumbnails/cole_meow_meow.png]
[nenrikido.neocities.org/images/nexus/cole/Ignroe_me.jpg]
[nenrikido.neocities.org/images/nexus/cole/thumbnails/Ignroe_me.jpg]
[nenrikido.neocities.org/images/nexus/cole/the_girls_are_fighting.png]
[nenrikido.neocities.org/images/nexus/cole/thumbnails/the_girls_are_fighting.png]
[nenrikido.neocities.org/images/nexus/cole/this_is_not_uno.png]
[nenrikido.neocities.org/images/nexus/cole/thumbnails/this_is_not_uno.png]
[nenrikido.neocities.org/nexus/cole/index.html]
[nenrikido.neocities.org/images/blog/012025/homarr.png]
[nenrikido.neocities.org/images/blog/012025/homarr_hu26d3ad550a7076d6f8fe1279b7ce49e1_1039253_0x420_resize_q75_h2_box_3.webp]
[nenrikido.neocities.org/blog/post/homarr/index.html]
[gist.github.com/js044/5589e0f5b961b54f2e6f55cfccb83c3e.js]
[nenrikido.neocities.org/images/blog/051524/neo.png]
[nenrikido.neocities.org/images/blog/051524/neo_hu563ad142fdd2fa40b73dc303999e543f_31774_0x420_resize_q75_h2_box_3.webp]
[nenrikido.neocities.org/images/blog/051524/gitac.png]
[nenrikido.neocities.org/images/blog/051524/gitac_hu7931bf180588963c4d62febbca5fea5c_36539_0x420_resize_q75_h2_box_3.webp]
[nenrikido.neocities.org/blog/post/deploy-site/index.html]
[nenrikido.neocities.org/GET.html]
[www.htmlcommentbox.com/static/skins/bootstrap/twitter-bootstrapa4f0.css]
[assets.tumblr.com/assets/scripts/pre_tumblelogd70f.js]
[assets.tumblr.com/client/prod/standalone/blog-network-npf/index.buildf3ca.css]
[64.media.tumblr.com/a6b4613f56fbe5033f52a5894b21e21e/149dd52f0692c365-29/s2048x3072/tumblr_a6b4613f56fbe5033f52a5894b21e21e_c6db4e06_2048.png]
[static.tumblr.com/wqgcz53/ld7s5ojfx/normalize.css]
[s0.wp.com/wp-content/js/bilmur.min9a48.js]
[assets.tumblr.com/assets/scripts/tumblelog_post_message_queue38df.js]
[assets.tumblr.com/fonts/clearface/stylesheet7b30.css]
[64.media.tumblr.com/5ef0164a3f17bfb19f4f54d4fc1ad0d6/149dd52f0692c365-ef/s2048x3072/tumblr_5ef0164a3f17bfb19f4f54d4fc1ad0d6_d0fc59d0_2048.jpg]
[64.media.tumblr.com/1046f2acac4ee783af920566bbc53c85/149dd52f0692c365-3c/s2048x3072/tumblr_1046f2acac4ee783af920566bbc53c85_ed314e84_2048.jpg]
[64.media.tumblr.com/tumblr_oqe8pqcrGx1rgvwoco1_1495522719_cover.jpg]
[64.media.tumblr.com/8dc9d9f53473f4a2ddcbf4334717fd68/149dd52f0692c365-6a/s2048x3072/tumblr_8dc9d9f53473f4a2ddcbf4334717fd68_1b6b483f_2048.gif]
[64.media.tumblr.com/4cd06aa6a8a6192c659d3e5d78123240/0c92f87f12a15f00-04/s500x750/tumblr_4cd06aa6a8a6192c659d3e5d78123240_2928f46c_500.jpg]
[64.media.tumblr.com/292667553f3bc96be5ebd5115dd64ae2/dd58566317bc8f72-55/s500x750/tumblr_292667553f3bc96be5ebd5115dd64ae2_8a7de6f4_500.png]
[64.media.tumblr.com/a9e989f5a182eeb76d3dad48f09be2ef/tumblr_p4ad1gAeEN1rzmnzao1_500.jpg]
[64.media.tumblr.com/73e2e30566251c5c61110f7ae52f613d/0daba2d2ae52908a-06/s500x750/tumblr_73e2e30566251c5c61110f7ae52f613d_8e367b1a_500.jpg]
[64.media.tumblr.com/84926dbb0658d3c4fbfc54e921a20b45/0daba2d2ae52908a-b1/s500x750/tumblr_84926dbb0658d3c4fbfc54e921a20b45_85d7962d_500.jpg]
[64.media.tumblr.com/66131904286981e55717cf03e7792ca9/tumblr_dd5b644e201153333cc093bd24fffbc8_af8e28d1_500.jpg]
[64.media.tumblr.com/d81161d0570715fb2733aa8007ced5ab/tumblr_75114914053789ae4420105fd4b2c9fb_9e0d4326_500.jpg]
[64.media.tumblr.com/e1ccee8994de451460f859656de9f849/tumblr_orbh3g6Bny1vd9hvxo1_400.jpg]
[64.media.tumblr.com/b14b2f3fe332df44408dcd803a1b890b/tumblr_f8f5546c29e3856363aab04fd40b37fd_749d15ed_500.jpg]
[64.media.tumblr.com/8831d8a3305e391ae64eb904b52f96c8/149dd52f0692c365-12/s2048x3072/tumblr_8831d8a3305e391ae64eb904b52f96c8_d5445df8_2048.jpg]
[64.media.tumblr.com/40e6987415557676b91e154fb43e7d25/149dd52f0692c365-89/s2048x3072/tumblr_40e6987415557676b91e154fb43e7d25_9b444880_2048.png]
[assets.tumblr.com/images/x3860.gif]
[nenrikido.neocities.org/code/preview/rainbow2/index.html]
[assets.tumblr.com/client/prod/standalone/tumblelog/index.build1dd9.js]
[dl.dropbox.com/s/y8dfpdr0zioe8jd/cb1.22c.delayed]
[dl.dropboxusercontent.com/s/y8dfpdr0zioe8jd/cb1.gif_; filename_=UTF-8''cb1.gif]
[dl.dropbox.com/s/q8yecsdxvctnz1g/sakura.22e.delayed]
[dl.dropboxusercontent.com/s/q8yecsdxvctnz1g/sakura.gif_; filename_=UTF-8''sakura.gif]
[dl.dropbox.com/s/m9k6hfosjlww8na/bg.230.delayed]
[dl.dropboxusercontent.com/s/m9k6hfosjlww8na/bg.jpg_; filename_=UTF-8''bg.jpg]
[dl.dropbox.com/s/kgqiw9lk5yb8eos/abt.232.delayed]
[dl.dropboxusercontent.com/s/kgqiw9lk5yb8eos/abt.gif_; filename_=UTF-8''abt.gif]
[dl.dropbox.com/s/yoqvxhwhek1btdq/bm.234.delayed]
[dl.dropboxusercontent.com/s/yoqvxhwhek1btdq/bm.gif_; filename_=UTF-8''bm.gif]
[dl.dropbox.com/s/fwtvge3o467bc2v/snoopy1.236.delayed]
[dl.dropboxusercontent.com/s/fwtvge3o467bc2v/snoopy1.png_; filename_=UTF-8''snoopy1.png]
[dl.dropbox.com/s/gmwv7ibxfjb0ry9/cb2.238.delayed]
[dl.dropboxusercontent.com/s/gmwv7ibxfjb0ry9/cb2.gif_; filename_=UTF-8''cb2.gif]
[dl.dropbox.com/s/82bs65tjlesbjgf/snoopy2.23a.delayed]
[dl.dropboxusercontent.com/s/82bs65tjlesbjgf/snoopy2.png_; filename_=UTF-8''snoopy2.png]
[nenrikido.neocities.org/code/preview/sakura/index.html]
[dl.dropbox.com/s/bssyspzas71kdhq/m02-flower-sunflower.23c.delayed]
[dl.dropboxusercontent.com/s/bssyspzas71kdhq/m02-flower-sunflower.gif_; filename_=UTF-8''m02-flower-sunflower.gif]
[dl.dropbox.com/s/sdsvmkz4mus7pn4/sunflower.23e.delayed]
[dl.dropboxusercontent.com/s/sdsvmkz4mus7pn4/sunflower.jpg_; filename_=UTF-8''sunflower.jpg]
[dl.dropbox.com/s/8s4n1o0yneyd2rs/rm7.240.delayed]
[dl.dropboxusercontent.com/s/8s4n1o0yneyd2rs/rm7.png_; filename_=UTF-8''rm7.png]
[dl.dropbox.com/s/hw0ihvypgg4vjwr/s10-sunflower-line.242.delayed]
[dl.dropboxusercontent.com/s/hw0ihvypgg4vjwr/s10-sunflower-line.gif_; filename_=UTF-8''s10-sunflower-line.gif]
[dl.dropbox.com/s/gr7s5m60dgxqr74/63a-home.244.delayed]
[dl.dropboxusercontent.com/s/gr7s5m60dgxqr74/63a-home.gif_; filename_=UTF-8''63a-home.gif]
[dl.dropbox.com/s/r2uobnug7specsf/63a-about.246.delayed]
[dl.dropboxusercontent.com/s/r2uobnug7specsf/63a-about.gif_; filename_=UTF-8''63a-about.gif]
[dl.dropbox.com/s/x8wr60d165c88md/63a-mail.248.delayed]
[dl.dropboxusercontent.com/s/x8wr60d165c88md/63a-mail.gif_; filename_=UTF-8''63a-mail.gif]
[dl.dropbox.com/s/x6cnnyiah2pa0gx/mb06-flower-sunflower.24a.delayed]
[dl.dropboxusercontent.com/s/x6cnnyiah2pa0gx/mb06-flower-sunflower.gif_; filename_=UTF-8''mb06-flower-sunflower.gif]
[nenrikido.neocities.org/code/preview/sunflower/index.html]
[nenrikido.neocities.org/images/blog/preload.gif]
[nenrikido.neocities.org/images/blog/preload_hu7573bf17b252c7d6850e57237b72aadb_396574_0x420_resize_box_1.gif]
[public.codepenassets.com/embed/index.js]
[nenrikido.neocities.org/blog/post/making-a-preloader/index.html]
[assets.tumblr.com/client/prod/standalone/blog-network-npf/index.buildfe6c.css]
[static.tumblr.com/qxrkgx6/RWPmgn2qa/normalize.min.css]
[static.tumblr.com/qxrkgx6/LuRmgn2rm/modernizr-2.6.2.min.js]
[s0.wp.com/wp-content/js/bilmur.mina2d4.js]
[64.media.tumblr.com/b333dd84625a3e8ddf92df69753af2f3/149dd52f0692c365-90/s2048x3072/tumblr_b333dd84625a3e8ddf92df69753af2f3_b5ee81cd_2048.jpg]
[64.media.tumblr.com/e05445bd448e47f679bbb5e47e62cd5e/149dd52f0692c365-d9/s2048x3072/tumblr_e05445bd448e47f679bbb5e47e62cd5e_dfeab62d_2048.gif]
[64.media.tumblr.com/c05320abc902a695b71e825e44b46257/2ebf2783d52a7500-82/s500x750/tumblr_c05320abc902a695b71e825e44b46257_59637ed1_500.png]
[64.media.tumblr.com/b298e38fdb150c10953023a415deedd3/915b861fccbc6127-f2/s500x750/tumblr_b298e38fdb150c10953023a415deedd3_73c537ed_500.jpg]
[ajax.googleapis.com/ajax/libs/jquery/1.8.3/jquery.min.js]
[nenrikido.neocities.org/code/preview/toothache/index.html]
[64.media.tumblr.com/843a34be92354b689a8fd275e8038266/149dd52f0692c365-61/s128x128u_c1/tumblr_843a34be92354b689a8fd275e8038266_777b0d86_128.jpg]
[static.tumblr.com/qxrkgx6/q6kmgn2w2/jquery-1.8.3.min.js]
[assets.tumblr.com/client/prod/standalone/tumblelog/index.build3595.js]
[64.media.tumblr.com/98bc00a9b676e59b4cf0e66ce73d8b39/149dd52f0692c365-d1/s2048x3072/tumblr_98bc00a9b676e59b4cf0e66ce73d8b39_3ed52b12_2048.jpg]
[64.media.tumblr.com/6670940218a60f5bbd9b081c8e6253ba/dca1fbbac88c2834-f3/s500x750/tumblr_6670940218a60f5bbd9b081c8e6253ba_7839281e_500.jpg]
[64.media.tumblr.com/6cc2c2d49eea57b5081256b19e35e9e6/21dfef13056497ee-87/s500x750/tumblr_6cc2c2d49eea57b5081256b19e35e9e6_f106d0bc_500.jpg]
[64.media.tumblr.com/7f37f7b493386f963e81ab8e86f1601c/tumblr_fbace860a3a7d87158aede959d3f8481_55a1f94a_500.jpg]
[nenrikido.neocities.org/code/preview/pudding/index.html]
[nenrikido.neocities.org/blog/post/mega-site-update/index.html]
[nenrikido.neocities.org/images/blog/070223/firefox.gif]
[nenrikido.neocities.org/images/blog/070223/firefox_hu22838bd7e6336de6e49a83e27010602f_14040299_0x420_resize_box_1.gif]
[nenrikido.neocities.org/images/blog/070223/ffcolor.png]
[nenrikido.neocities.org/images/blog/070223/ffcolor_hu389db68eb2b5013cff317469b1d4c748_210517_0x420_resize_q75_h2_box_3.webp]
[gist.github.com/js044/38d41c375b07075e1dbdae519d08bb8c.js]
[gist.github.com/js044/618a3ec1181a548dc88dd6bab0cd91f3.js]
[nenrikido.neocities.org/images/blog/070223/newtab.png]
[nenrikido.neocities.org/images/blog/070223/newtab_hu99db32012f69ed3969995f2f6cafe194_550586_0x420_resize_q75_h2_box_3.webp]
[nenrikido.neocities.org/blog/post/firefox-tutourial/index.html]
[nenrikido.neocities.org/images/blog/061723/shirt.jpg]
[nenrikido.neocities.org/images/blog/061723/shirt_hu44443f8bd31335846c663a0cec904246_124732_0x420_resize_q75_h2_box.webp]
[nenrikido.neocities.org/images/blog/061723/sandwich.jpg]
[nenrikido.neocities.org/images/blog/061723/sandwich_hu92d03227b38275cb4729933a516722a2_90223_0x420_resize_q75_h2_box.webp]
[nenrikido.neocities.org/images/blog/061723/bed.jpg]
[nenrikido.neocities.org/images/blog/061723/bed_hu486f323778ba698bd0440a74e83c72bb_64165_0x420_resize_q75_h2_box.webp]
[nenrikido.neocities.org/blog/post/yard-sale/index.html]
[nenrikido.neocities.org/images/blog/052823/start.gif]
[nenrikido.neocities.org/images/blog/052823/start_hu49d78b778480f9cec7e744d887097ac9_897990_0x420_resize_box_1.gif]
[nenrikido.neocities.org/images/blog/052823/haircut.jpg]
[nenrikido.neocities.org/images/blog/052823/haircut_hu73efc8fc5edfa3ab2a7fed943584f144_181771_0x420_resize_q75_h2_box.webp]
[nenrikido.neocities.org/images/blog/052823/hair.jpg]
[nenrikido.neocities.org/images/blog/052823/hair_hue5f8e388f28435d356aabd744d1f0883_302992_0x420_resize_q75_h2_box.webp]
[nenrikido.neocities.org/blog/post/bye-bye-bootstrap/index.html]
[nenrikido.neocities.org/blog/post/neocities-reflection/index.html]
[nenrikido.neocities.org/blog/post/site-updates-3/index.html]
[nenrikido.neocities.org/blog/post/site-updates-2/index.html]
[nenrikido.neocities.org/images/blog/dragndrop.gif]
[nenrikido.neocities.org/images/blog/dragndrop_hu35f61ae4eb064fcc162614d39bd913ec_639803_0x420_resize_box_1.gif]
[nenrikido.neocities.org/images/blog/before.png]
[nenrikido.neocities.org/images/blog/before_hud809d9931cb9a29c0d1054183febf1a4_29634_0x420_resize_q75_h2_box_3.webp]
[nenrikido.neocities.org/images/blog/after.png]
[nenrikido.neocities.org/images/blog/after_hue2f85044a67517a703108ad86cb9f626_16084_0x420_resize_q75_h2_box_3.webp]
[nenrikido.neocities.org/images/blog/before-1.png]
[nenrikido.neocities.org/images/blog/before-1_hu8ba94659bb10101678801e9fb3a301c7_59182_0x420_resize_q75_h2_box_3.webp]
[nenrikido.neocities.org/images/blog/after-1.png]
[nenrikido.neocities.org/images/blog/after-1_huacf4b4988d76da224b62348c907e5815_31503_0x420_resize_q75_h2_box_3.webp]
[nenrikido.neocities.org/blog/post/site-overhaul/index.html]
[nenrikido.neocities.org/blog/post/web-components/index.html]
[nenrikido.neocities.org/images/buttons/hugo-l.svg]
[nenrikido.neocities.org/images/buttons/muuri.svg]
[nenrikido.neocities.org/images/buttons/azumanga.png]
[nenrikido.neocities.org/images/loading.gif]
[nenrikido.neocities.org/sass/microblog.min.897af63a7c6e68c8e8d1beda55a55f3581c73d11f8f1af2b57f343776959b480.css]
[nenrikido.neocities.org/post/web-components/index.html]
[github.githubassets.com/assets/light-74231a1f3bbb.css]
[github.githubassets.com/assets/light_high_contrast-83beb16e0ecf.css]
[github.githubassets.com/assets/dark-8a995f0bacd4.css]
[github.githubassets.com/assets/dark_high_contrast-9ac301c3ebe5.css]
[github.githubassets.com/assets/light_colorblind-f91b0f603451.css]
[github.githubassets.com/assets/light_colorblind_high_contrast-5aebfa54b215.css]
[github.githubassets.com/assets/light_tritanopia-6e122dab64fc.css]
[github.githubassets.com/assets/light_tritanopia_high_contrast-b32664e28b79.css]
[github.githubassets.com/assets/dark_colorblind-cd826e8636dc.css]
[github.githubassets.com/assets/dark_colorblind_high_contrast-131d53fe187c.css]
[github.githubassets.com/assets/dark_tritanopia-18119e682df0.css]
[github.githubassets.com/assets/dark_tritanopia_high_contrast-63c0358957ba.css]
[github.githubassets.com/assets/dark_dimmed-f37fb7684b1f.css]
[github.githubassets.com/assets/dark_dimmed_high_contrast-8f371c75debd.css]
[github.githubassets.com/assets/primer-primitives-225433424a87.css]
[github.githubassets.com/assets/primer-b8b91660c29d.css]
[github.githubassets.com/assets/global-3ccbd788fe33.css]
[github.githubassets.com/assets/github-685f3d1c0424.css]
[github.githubassets.com/assets/repository-197a21528ff0.css]
[github.githubassets.com/assets/code-177d21388df8.css]
[github.githubassets.com/assets/wp-runtime-220eaa941f4a.js]
[github.githubassets.com/assets/vendors-node_modules_oddbird_popover-polyfill_dist_popover-fn_js-81211bd82278.js]
[github.githubassets.com/assets/vendors-node_modules_github_mini-throttle_dist_index_js-node_modules_stacktrace-parser_dist_s-1d3d52-4be8ffe9a34a.js]
[github.githubassets.com/assets/ui_packages_failbot_failbot_ts-f0df83c858f4.js]
[github.githubassets.com/assets/environment-d607485791a5.js]
[github.githubassets.com/assets/vendors-node_modules_primer_behaviors_dist_esm_index_mjs-0dbb79f97f8f.js]
[github.githubassets.com/assets/vendors-node_modules_github_selector-observer_dist_index_esm_js-f690fd9ae3d5.js]
[github.githubassets.com/assets/vendors-node_modules_github_relative-time-element_dist_index_js-fd884d19bf73.js]
[github.githubassets.com/assets/vendors-node_modules_github_text-expander-element_dist_index_js-78748950cb0c.js]
[github.githubassets.com/assets/vendors-node_modules_github_auto-complete-element_dist_index_js-node_modules_github_catalyst_-8e9f78-a90ac05d2469.js]
[github.githubassets.com/assets/vendors-node_modules_github_filter-input-element_dist_index_js-node_modules_github_remote-inp-d8c643-f5192902810f.js]
[github.githubassets.com/assets/vendors-node_modules_github_markdown-toolbar-element_dist_index_js-ceef33f593fa.js]
[github.githubassets.com/assets/vendors-node_modules_github_mini-throttle_dist_index_js-node_modules_github_combobox-nav_dist-97536f-0a0158d4c78e.js]
[github.githubassets.com/assets/vendors-node_modules_github_file-attachment-element_dist_index_js-node_modules_primer_view-co-63644b-8389d8c5493d.js]
[github.githubassets.com/assets/github-elements-2c6b561fd398.js]
[github.githubassets.com/assets/element-registry-759bd527e556.js]
[github.githubassets.com/assets/vendors-node_modules_braintree_browser-detection_dist_browser-detection_js-node_modules_githu-bb80ec-72267f4e3ff9.js]
[github.githubassets.com/assets/vendors-node_modules_lit-html_lit-html_js-be8cb88f481b.js]
[github.githubassets.com/assets/vendors-node_modules_morphdom_dist_morphdom-esm_js-0c08218c7d5f.js]
[github.githubassets.com/assets/vendors-node_modules_fzy_js_index_js-node_modules_github_paste-markdown_dist_index_js-6c00013a3dc4.js]
[github.githubassets.com/assets/vendors-node_modules_github_turbo_dist_turbo_es2017-esm_js-a03ee12d659a.js]
[github.githubassets.com/assets/vendors-node_modules_github_remote-form_dist_index_js-node_modules_delegated-events_dist_inde-893f9f-b6294cf703b7.js]
[github.githubassets.com/assets/vendors-node_modules_color-convert_index_js-e3180fe3bcb3.js]
[github.githubassets.com/assets/vendors-node_modules_github_quote-selection_dist_index_js-node_modules_github_session-resume_-c1aa61-97c8ff49bc41.js]
[github.githubassets.com/assets/ui_packages_updatable-content_updatable-content_ts-f4e60782b52d.js]
[github.githubassets.com/assets/app_assets_modules_github_behaviors_task-list_ts-app_assets_modules_github_sso_ts-ui_packages-900dde-c84fbefd392e.js]
[github.githubassets.com/assets/app_assets_modules_github_sticky-scroll-into-view_ts-3e000c5d31a9.js]
[github.githubassets.com/assets/app_assets_modules_github_behaviors_ajax-error_ts-app_assets_modules_github_behaviors_include-d0d0a6-9dc4ed803189.js]
[github.githubassets.com/assets/app_assets_modules_github_behaviors_commenting_edit_ts-app_assets_modules_github_behaviors_ht-83c235-ce8979e4f922.js]
[github.githubassets.com/assets/behaviors-26f5fa9fe37f.js]
[github.githubassets.com/assets/vendors-node_modules_delegated-events_dist_index_js-node_modules_github_catalyst_lib_index_js-ea8eaa-ae0dbe787ad8.js]
[github.githubassets.com/assets/notifications-global-7f3748c0d76b.js]
[github.githubassets.com/assets/vendors-node_modules_github_mini-throttle_dist_index_js-node_modules_github_catalyst_lib_inde-dbbea9-4adcaf6c1c40.js]
[github.githubassets.com/assets/code-menu-906f56af9b01.js]
[github.githubassets.com/assets/primer-react-5c26f1a581a7.js]
[github.githubassets.com/assets/react-core-2d17b940397e.js]
[github.githubassets.com/assets/react-lib-80430c87778a.js]
[github.githubassets.com/assets/octicons-react-cf2f2ab8dab4.js]
[github.githubassets.com/assets/vendors-node_modules_emotion_is-prop-valid_dist_emotion-is-prop-valid_esm_js-node_modules_emo-b1c483-30bc59af3a76.js]
[github.githubassets.com/assets/vendors-node_modules_github_catalyst_lib_index_js-node_modules_primer_live-region-element_dis-b2aea6-22827f205bdc.js]
[github.githubassets.com/assets/vendors-node_modules_dompurify_dist_purify_es_mjs-dd1d3ea6a436.js]
[github.githubassets.com/assets/vendors-node_modules_lodash-es__Stack_js-node_modules_lodash-es__Uint8Array_js-node_modules_l-4faaa6-4a736fde5c2f.js]
[github.githubassets.com/assets/vendors-node_modules_lodash-es_isEqual_js-92a85ab8c568.js]
[github.githubassets.com/assets/vendors-node_modules_tanstack_react-virtual_dist_esm_index_js-node_modules_react-virtual_dist-19a6be-f0cf337af5df.js]
[github.githubassets.com/assets/vendors-node_modules_focus-visible_dist_focus-visible_js-node_modules_github_hydro-analytics--e21ffd-3c9d2ac3e1ad.js]
[github.githubassets.com/assets/vendors-node_modules_fzy_js_index_js-node_modules_react-reverse-portal_dist_web_index_js-node-e0551b-12901247dcff.js]
[github.githubassets.com/assets/ui_packages_document-metadata_document-metadata_ts-ui_packages_history_history_ts-ui_packages-417c81-50b9bb07478c.js]
[github.githubassets.com/assets/ui_packages_paths_index_ts-3d2b07827323.js]
[github.githubassets.com/assets/ui_packages_ref-selector_RefSelector_tsx-cd14487ff967.js]
[github.githubassets.com/assets/ui_packages_commit-attribution_index_ts-ui_packages_commit-checks-status_index_ts-ui_packages-762eaa-b9321ed019f0.js]
[github.githubassets.com/assets/ui_packages_app-uuid_app-uuid_ts-ui_packages_repos-file-tree-view_repos-file-tree-view_ts-4239cbf37c05.js]
[github.githubassets.com/assets/ui_packages_hydro-analytics_hydro-analytics_ts-ui_packages_use-client-value_use-client-value_-6f712e-d59b35038b54.js]
[github.githubassets.com/assets/ui_packages_code-view-shared_hooks_use-canonical-object_ts-ui_packages_code-view-shared_hooks-7b64b1-e9366a95354b.js]
[github.githubassets.com/assets/app_assets_modules_github_blob-anchor_ts-ui_packages_code-nav_code-nav_ts-ui_packages_filter--8253c1-91468a3354f9.js]
[github.githubassets.com/assets/react-code-view-cdf73e330df5.js]
[github.githubassets.com/assets/primer-react.19291721a114332ad118.module.css]
[github.githubassets.com/assets/react-code-view.3904ff40d7b98a92de4b.module.css]
[github.githubassets.com/assets/notifications-subscriptions-menu-289430569e8f.js]
[github.githubassets.com/assets/notifications-subscriptions-menu.e5e6e593370c808590a5.module.css]
[github.com/fluidicon.png]
[github.githubassets.com/favicons/favicon.png]
[github.githubassets.com/assets/ui_packages_ui-commands_ui-commands_ts-392f523dd6f6.js]
[github.githubassets.com/assets/keyboard-shortcuts-dialog-da52b1ba42ce.js]
[github.githubassets.com/assets/keyboard-shortcuts-dialog.ed4e3b169113df45fe67.module.css]
[github.githubassets.com/assets/vendors-node_modules_github_remote-form_dist_index_js-node_modules_delegated-events_dist_inde-94fd67-e789af5a4655.js]
[github.githubassets.com/assets/sessions-46647179a751.js]
[github.com/loginf072.html]
[github.githubassets.com/assets/ui_packages_document-metadata_document-metadata_ts-ui_packages_promise-with-resolvers-polyfil-40d47c-83bb4d2a9499.js]
[github.githubassets.com/assets/appearance-settings-99fa071d4285.js]
[github.githubassets.com/assets/appearance-settings.22dfbc22ef0a2bf02523.module.css]
[github.com/js044/nenrikido/blob/main/static/js/misc/journalring-display.html]
[cdnjs.cloudflare.com/ajax/libs/normalize/8.0.1/normalize.min.css]
[nenrikido.neocities.org/fonts/misc/UniversalLight.ttf]
[nenrikido.neocities.org/fonts/misc/DINPro400.otf]
[nenrikido.neocities.org/fonts/misc/KTEGAKI.ttf]
[nenrikido.neocities.org/images/webrings/journalring/x14-bg-checked.gif]
[nenrikido.neocities.org/images/webrings/journalring/hobonichi.png]
[nenrikido.neocities.org/css/webrings/journalring.min.1cb651a37f8888bd764d8114c3e2d249dfc80276ac1d17ab07f67ce26aea7b40.css]
[nenrikido.neocities.org/webrings/index.xml]
[nenrikido.neocities.org/images/webrings/thumb/journalring.gif]
[nenrikido.neocities.org/webrings/index.html]
[nenrikido.neocities.org/css/lightbox.html]
[nenrikido.neocities.org/blog/post/deploy-site/(https_/github.com/gohugoio/hugo/issues/379).html]
[assets.tumblr.com/client/prod/standalone/blog-network-npf/index.buildf3ca.css]
[static.tumblr.com/wqgcz53/ld7s5ojfx/normalize.css]
[nenrikido.neocities.org/code/preview/rainbow2/android-app_/com.tumblr/tumblr/x-callback-url/bloga4f4.html]
[nenrikido.neocities.org/code/preview/rainbow2/ios-app_/305343404/tumblr/x-callback-url/bloga4f4.html]
[assets.tumblr.com/fonts/clearface/Clearface-Regular-webfonta87f.eot]
[assets.tumblr.com/fonts/clearface/Clearface-Regular-webfont633a.eot]
[nenrikido.neocities.org/images/nexus/cole/cat.gif]
[assets.tumblr.com/fonts/clearface/Clearface-Regular-webfonta87f.woff]
[assets.tumblr.com/fonts/clearface/Clearface-Regular-webfonta87f.ttf]
[assets.tumblr.com/fonts/clearface/Clearface-Black-webfonta87f.eot]
[assets.tumblr.com/fonts/clearface/Clearface-Regular-webfonta87f.svg]
[assets.tumblr.com/fonts/clearface/Clearface-Black-webfont633a.eot]
[assets.tumblr.com/fonts/clearface/Clearface-Black-webfonta87f.woff]
[assets.tumblr.com/fonts/clearface/Clearface-Black-webfonta87f.svg]
[assets.tumblr.com/fonts/clearface/Clearface-Black-webfonta87f.ttf]
[assets.tumblr.com/fonts/clearface/Clearface-Italic-webfonta87f.eot]
[assets.tumblr.com/fonts/clearface/Clearface-Italic-webfont633a.eot]
[assets.tumblr.com/fonts/clearface/Clearface-Italic-webfonta87f.woff]
[assets.tumblr.com/fonts/clearface/Clearface-Italic-webfonta87f.ttf]
[assets.tumblr.com/fonts/clearface/Clearface-Italic-webfonta87f.svg]
[assets.tumblr.com/fonts/clearface/Clearface-BlackItalic-webfonta87f.eot]
[assets.tumblr.com/fonts/clearface/Clearface-BlackItalic-webfont633a.eot]
[assets.tumblr.com/fonts/clearface/Clearface-BlackItalic-webfonta87f.woff]
[assets.tumblr.com/fonts/clearface/Clearface-BlackItalic-webfonta87f.ttf]
[assets.tumblr.com/fonts/clearface/stylesheet7b30.css]
[nenrikido.neocities.org/page/2.html]
[nenrikido.neocities.org/analytics.html]
[static.tumblr.com/wqgcz53/jzrs5oy9z/theme.js]
[assets.tumblr.com/client/prod/standalone/blog-network-npf/index.buildfe6c.css]
[static.tumblr.com/qxrkgx6/RWPmgn2qa/normalize.min.css]
[nenrikido.neocities.org/code/preview/toothache/android-app_/com.tumblr/tumblr/x-callback-url/bloga4f4.html]
[nenrikido.neocities.org/code/preview/toothache/ios-app_/305343404/tumblr/x-callback-url/bloga4f4.html]
[nenrikido.neocities.org/archive.html]
[nenrikido.neocities.org/code/preview/pudding/android-app_/com.tumblr/tumblr/x-callback-url/bloga4f4.html]
[nenrikido.neocities.org/code/preview/pudding/ios-app_/305343404/tumblr/x-callback-url/bloga4f4.html]
[nenrikido.neocities.org/code/preview/pudding/negg.tumblr.html]
[github.githubassets.com/assets/light-74231a1f3bbb.css]
[github.githubassets.com/assets/light_high_contrast-83beb16e0ecf.css]
[github.githubassets.com/assets/dark-8a995f0bacd4.css]
[github.githubassets.com/assets/dark_high_contrast-9ac301c3ebe5.css]
[github.githubassets.com/assets/light_colorblind-f91b0f603451.css]
[github.githubassets.com/assets/light_colorblind_high_contrast-5aebfa54b215.css]
[github.githubassets.com/assets/light_tritanopia-6e122dab64fc.css]
[github.githubassets.com/assets/light_tritanopia_high_contrast-b32664e28b79.css]
[github.githubassets.com/assets/dark_colorblind-cd826e8636dc.css]
[github.githubassets.com/assets/dark_colorblind_high_contrast-131d53fe187c.css]
[github.githubassets.com/assets/dark_tritanopia-18119e682df0.css]
[github.githubassets.com/assets/dark_tritanopia_high_contrast-63c0358957ba.css]
[github.githubassets.com/assets/dark_dimmed-f37fb7684b1f.css]
[github.githubassets.com/assets/dark_dimmed_high_contrast-8f371c75debd.css]
[github.githubassets.com/assets/primer-primitives-225433424a87.css]
[github.githubassets.com/assets/primer-b8b91660c29d.css]
[assets.tumblr.com/fonts/clearface/Clearface-BlackItalic-webfonta87f.svg]
[github.githubassets.com/assets/octocat-spinner-16px-EAF2F5-8b50b1cd56db.gif]
[github.githubassets.com/assets/octocat-spinner-32-EAF2F5-ada8eb30dd92.gif]
[github.githubassets.com/assets/background-yellowhatch-v3-ffd8c31a935a.png]
[github.githubassets.com/assets/octocat-spinner-16px-52b21dd0a90e.gif]
[github.githubassets.com/assets/octocat-spinner-32-36e32e38816e.gif]
[github.githubassets.com/assets/global-3ccbd788fe33.css]
[github.githubassets.com/assets/octocat-spinner-64-5a4957be9e70.gif]
[github.githubassets.com/assets/trans_bg-b507cc0d0e5d.gif]
[github.githubassets.com/assets/octocat-spinner-128-9d4bc3602169.gif]
[github.githubassets.com/assets/projects-beta-banner-mobile-d1fa5b9e56f6.png]
[github.githubassets.com/assets/projects-beta-banner-d9365bcc4da8.png]
[github.githubassets.com/assets/projects-beta-banner-dark-fc370172a740.png]
[github.githubassets.com/assets/github-685f3d1c0424.css]
[github.githubassets.com/assets/heart-explosion-9235d9b294df.png]
[github.githubassets.com/assets/ds-actions-prompt-banner-mobile-e5e057312e9f.png]
[github.githubassets.com/assets/ds-actions-prompt-banner-708e9c012f66.png]
[github.githubassets.com/assets/ds-actions-prompt-banner-mobile-dark-3f109897c743.png]
[github.githubassets.com/assets/repository-197a21528ff0.css]
[github.githubassets.com/assets/ds-actions-prompt-banner-dark-7b6a0129760b.png]
[github.githubassets.com/assets/code-177d21388df8.css]
[github.githubassets.com/assets/primer-react.19291721a114332ad118.module.css]
[github.githubassets.com/assets/glow-1-299c7e52983b.png]
[github.githubassets.com/assets/react-code-view.3904ff40d7b98a92de4b.module.css]
[github.githubassets.com/assets/notifications-subscriptions-menu.e5e6e593370c808590a5.module.css]
[github.githubassets.com/assets/keyboard-shortcuts-dialog.ed4e3b169113df45fe67.module.css]
[github.githubassets.com/assets/vendors-node_modules_github_mini-throttle_dist_index_js-node_modules_virtualized-list_es_inde-5cfb7e-e6b0d3ff3d24.js]
[github.githubassets.com/assets/vendors-node_modules_github_filter-input-element_dist_index_js-node_modules_github_remote-inp-3eebbd-0763620ad7bf.js]
[github.githubassets.com/assets/app_assets_modules_github_ref-selector_ts-65d5b9099843.js]
[github.githubassets.com/assets/app_assets_modules_github_settings_integrations-transfer_ts-app_assets_modules_github_setting-84b62a-8e65dc1f4363.js]
[github.githubassets.com/assets/settings-95e3e054b18e.js]
[github.githubassets.com/assets/vendors-node_modules_delegated-events_dist_index_js-node_modules_github_memoize_dist_esm_inde-455471-db0dac70ef9e.js]
[github.githubassets.com/assets/signup-92ec28022238.js]
[github.com/opensearch.xml]
[github.com/login.html]
[github.com/manifest.json]
[github.com/password_reset.html]
[github.com/loginf072.html]
[github.githubassets.com/assets/appearance-settings.22dfbc22ef0a2bf02523.module.css]
[github.com/signupcb85.html]
[assets.tumblr.com/fonts/clearface/Clearface-Regular-webfonta87f.svg]
[assets.tumblr.com/fonts/clearface/Clearface-Black-webfonta87f.svg]
[assets.tumblr.com/fonts/clearface/Clearface-Italic-webfonta87f.svg]
[assets.tumblr.com/fonts/clearface/Clearface-BlackItalic-webfonta87f.svg]
[github.githubassets.com/assets/progressive-disclosure-line-7908f33fc4c6.svg]
[github.githubassets.com/assets/progressive-disclosure-line-dark-b31a1fc5e932.svg]
[github.githubassets.com/assets/octocat-spinner-darkmode-621ec25df5e9.svg]
[github.githubassets.com/assets/octocat-spinner-lightmode-3ac6fd33ead5.svg]
[github.githubassets.com/assets/alert-fill-12-fc42d9106c15.svg]
[github.githubassets.com/assets/rules-promo-banner-light-mobile-915fa9def8af.svg]
[github.githubassets.com/assets/rules-promo-banner-light-f2faab0aacee.svg]
[github.githubassets.com/assets/rules-promo-banner-dark-mobile-907c0c4a458d.svg]
[github.githubassets.com/assets/rules-promo-banner-dark-51278c312ec0.svg]
[github.com/login.html]
[github.com/password_reset.html]
[github.com/signup3060.html]
[github.githubassets.com/assets/site-62271ce87619.css]
[github.githubassets.com/assets/signup-e136a01530ff.css]
[github.com/email_validity_checks.323.delayed]
[github.com/password_validity_checks.324e800.delayed]
[github.com/signupcb85.html]
[github.com/signup3060.html]
[github.com/login9be0.html]
[github.githubassets.com/assets/mona-sans-d1bf285e9b9b.woff2]
[github.githubassets.com/assets/hubot-sans-597e45ee1797.woff2]
[github.githubassets.com/assets/site-62271ce87619.css]
[github.githubassets.com/assets/Mona-Sans.woff2]
[github.githubassets.com/assets/Hubot-Sans.woff2]
[github.githubassets.com/assets/bg-darkest-medium@2x-40b55b0313fe.webp]
[github.githubassets.com/assets/bg-darkest--wide@2x-3a969c95af5f.webp]
[github.githubassets.com/assets/mona_glow@2x-f8d271ee4b80.webp]
[github.githubassets.com/assets/signup-e136a01530ff.css]
[github.com/email_validity_checks.html]
[github.com/password_validity_checkse800.html]
[github.com/signup_check/usernamefc8d.html]
[github.com/login9be0.html]
[github.githubassets.com/assets/cursor-pause-492c4cbf3823.svg]
[github.githubassets.com/assets/cursor-play-962489b084fb.svg]
[github.githubassets.com/assets/Mona-Sans.html]
[github.githubassets.com/assets/Hubot-Sans.html]
[github.githubassets.com/assets/check-circle-fill-green-94ddea110fd4.svg]
[github.com/signup0e38.html]
[github.com/signup0e38.html]
